base w2=3 w3=5/2 w5=53/10, sign-diff=1
A pts=81 B pts=44
A: degN=10 degD=2 | B: degN=8 degD=2
JUMP N_A-N_B factored:
           2 ⎛         7              6               5                4      
3⋅t⋅(t + 6) ⋅⎝4747600⋅t  + 156368680⋅t  + 2154036164⋅t  + 14566121020⋅t  + 434
──────────────────────────────────────────────────────────────────────────────
                                                                           2  
                                                              50⋅(5⋅t + 69)   

          3                2                              ⎞
77627398⋅t  + 25482216162⋅t  - 68885962875⋅t - 88916794875⎠
───────────────────────────────────────────────────────────
                                                           
                                                           
k_24(s)=w4^2-w2^2 = t*(t + 6)
jump denom factored: 50*(5*t + 69)**2
  jump_num divisible by k24^1? True
  jump_num divisible by k24^2? False
  jump_num divisible by k24^3? False
  jump_num divisible by k24^4? False
  jump_num divisible by k24^5? False
jump / k24^2 =
  ⎛         7              6               5                4                3
3⋅⎝4747600⋅t  + 156368680⋅t  + 2154036164⋅t  + 14566121020⋅t  + 43477627398⋅t 
──────────────────────────────────────────────────────────────────────────────
                                                                      2       
                                                       50⋅t⋅(5⋅t + 69)        

                2                              ⎞
 + 25482216162⋅t  - 68885962875⋅t - 88916794875⎠
────────────────────────────────────────────────
                                                
                                                
